Archive member included because of file (symbol)

/home/spb/avrsource/attiny85libs/my85libs/libmy85.a(my85libs.o)
                              pwm.o (initADC)
/usr/lib/gcc/avr/4.7.2/avr25/libgcc.a(_mulhi3.o)
                              pwm.o (__mulhi3)
/usr/lib/gcc/avr/4.7.2/avr25/libgcc.a(_udivmodhi4.o)
                              pwm.o (__udivmodhi4)
/usr/lib/gcc/avr/4.7.2/avr25/libgcc.a(_exit.o)
                              /usr/lib/gcc/avr/4.7.2/../../../avr/lib/avr25/crttn85.o (exit)
/usr/lib/gcc/avr/4.7.2/avr25/libgcc.a(_copy_data.o)
                              pwm.o (__do_copy_data)
/usr/lib/gcc/avr/4.7.2/avr25/libgcc.a(_clear_bss.o)
                              pwm.o (__do_clear_bss)

Allocating common symbols
Common symbol       size              file

scaledADC           0x2               pwm.o
actualDif           0x2               pwm.o
actualADC           0x2               pwm.o

Memory Configuration

Name             Origin             Length             Attributes
text             0x0000000000000000 0x0000000000002000 xr
data             0x0000000000800060 0x000000000000ffa0 rw !x
eeprom           0x0000000000810000 0x0000000000010000 rw !x
fuse             0x0000000000820000 0x0000000000000400 rw !x
lock             0x0000000000830000 0x0000000000000400 rw !x
signature        0x0000000000840000 0x0000000000000400 rw !x
*default*        0x0000000000000000 0xffffffffffffffff

Linker script and memory map

LOAD /usr/lib/gcc/avr/4.7.2/../../../avr/lib/avr25/crttn85.o
LOAD pwm.o
LOAD /home/spb/avrsource/attiny85libs/serial85dbg/lib85dbg.a
LOAD /home/spb/avrsource/attiny85libs/rotenc/librotenc.a
LOAD /home/spb/avrsource/attiny85libs/my85libs/libmy85.a
LOAD /usr/lib/gcc/avr/4.7.2/avr25/libgcc.a
LOAD /usr/lib/gcc/avr/4.7.2/../../../avr/lib/avr25/libc.a
LOAD /usr/lib/gcc/avr/4.7.2/avr25/libgcc.a

.hash
 *(.hash)

.dynsym
 *(.dynsym)

.dynstr
 *(.dynstr)

.gnu.version
 *(.gnu.version)

.gnu.version_d
 *(.gnu.version_d)

.gnu.version_r
 *(.gnu.version_r)

.rel.init
 *(.rel.init)

.rela.init
 *(.rela.init)

.rel.text
 *(.rel.text)
 *(.rel.text.*)
 *(.rel.gnu.linkonce.t*)

.rela.text
 *(.rela.text)
 *(.rela.text.*)
 *(.rela.gnu.linkonce.t*)

.rel.fini
 *(.rel.fini)

.rela.fini
 *(.rela.fini)

.rel.rodata
 *(.rel.rodata)
 *(.rel.rodata.*)
 *(.rel.gnu.linkonce.r*)

.rela.rodata
 *(.rela.rodata)
 *(.rela.rodata.*)
 *(.rela.gnu.linkonce.r*)

.rel.data
 *(.rel.data)
 *(.rel.data.*)
 *(.rel.gnu.linkonce.d*)

.rela.data
 *(.rela.data)
 *(.rela.data.*)
 *(.rela.gnu.linkonce.d*)

.rel.ctors
 *(.rel.ctors)

.rela.ctors
 *(.rela.ctors)

.rel.dtors
 *(.rel.dtors)

.rela.dtors
 *(.rela.dtors)

.rel.got
 *(.rel.got)

.rela.got
 *(.rela.got)

.rel.bss
 *(.rel.bss)

.rela.bss
 *(.rela.bss)

.rel.plt
 *(.rel.plt)

.rela.plt
 *(.rela.plt)

.text           0x0000000000000000      0x1e4
 *(.vectors)
 .vectors       0x0000000000000000       0x1e /usr/lib/gcc/avr/4.7.2/../../../avr/lib/avr25/crttn85.o
                0x0000000000000000                __vectors
                0x0000000000000000                __vector_default
 *(.vectors)
 *(.progmem.gcc*)
 *(.progmem*)
                0x000000000000001e                . = ALIGN (0x2)
                0x000000000000001e                __trampolines_start = .
 *(.trampolines)
 .trampolines   0x000000000000001e        0x0 linker stubs
 *(.trampolines*)
                0x000000000000001e                __trampolines_end = .
 *(.jumptables)
 *(.jumptables*)
 *(.lowtext)
 *(.lowtext*)
                0x000000000000001e                __ctors_start = .
 *(.ctors)
                0x000000000000001e                __ctors_end = .
                0x000000000000001e                __dtors_start = .
 *(.dtors)
                0x000000000000001e                __dtors_end = .
 SORT(*)(.ctors)
 SORT(*)(.dtors)
 *(.init0)
 .init0         0x000000000000001e        0x0 /usr/lib/gcc/avr/4.7.2/../../../avr/lib/avr25/crttn85.o
                0x000000000000001e                __init
 *(.init0)
 *(.init1)
 *(.init1)
 *(.init2)
 .init2         0x000000000000001e        0xc /usr/lib/gcc/avr/4.7.2/../../../avr/lib/avr25/crttn85.o
 *(.init2)
 *(.init3)
 *(.init3)
 *(.init4)
 .init4         0x000000000000002a       0x16 /usr/lib/gcc/avr/4.7.2/avr25/libgcc.a(_copy_data.o)
                0x000000000000002a                __do_copy_data
 .init4         0x0000000000000040       0x10 /usr/lib/gcc/avr/4.7.2/avr25/libgcc.a(_clear_bss.o)
                0x0000000000000040                __do_clear_bss
 *(.init4)
 *(.init5)
 *(.init5)
 *(.init6)
 *(.init6)
 *(.init7)
 *(.init7)
 *(.init8)
 *(.init8)
 *(.init9)
 .init9         0x0000000000000050        0x4 /usr/lib/gcc/avr/4.7.2/../../../avr/lib/avr25/crttn85.o
 *(.init9)
 *(.text)
 .text          0x0000000000000054        0x2 /usr/lib/gcc/avr/4.7.2/../../../avr/lib/avr25/crttn85.o
                0x0000000000000054                __vector_1
                0x0000000000000054                __vector_12
                0x0000000000000054                __bad_interrupt
                0x0000000000000054                __vector_6
                0x0000000000000054                __vector_3
                0x0000000000000054                __vector_11
                0x0000000000000054                __vector_13
                0x0000000000000054                __vector_7
                0x0000000000000054                __vector_5
                0x0000000000000054                __vector_4
                0x0000000000000054                __vector_9
                0x0000000000000054                __vector_2
                0x0000000000000054                __vector_8
                0x0000000000000054                __vector_14
                0x0000000000000054                __vector_10
 .text          0x0000000000000056        0x0 pwm.o
 .text          0x0000000000000056       0xca /home/spb/avrsource/attiny85libs/my85libs/libmy85.a(my85libs.o)
                0x0000000000000056                initADC
                0x0000000000000074                readADC
                0x000000000000007e                delay_ms
                0x000000000000009c                encoder
 .text          0x0000000000000120        0x0 /usr/lib/gcc/avr/4.7.2/avr25/libgcc.a(_mulhi3.o)
 .text          0x0000000000000120        0x0 /usr/lib/gcc/avr/4.7.2/avr25/libgcc.a(_udivmodhi4.o)
 .text          0x0000000000000120        0x0 /usr/lib/gcc/avr/4.7.2/avr25/libgcc.a(_exit.o)
 .text          0x0000000000000120        0x0 /usr/lib/gcc/avr/4.7.2/avr25/libgcc.a(_copy_data.o)
 .text          0x0000000000000120        0x0 /usr/lib/gcc/avr/4.7.2/avr25/libgcc.a(_clear_bss.o)
                0x0000000000000120                . = ALIGN (0x2)
 *(.text.*)
 .text.startup  0x0000000000000120       0x74 pwm.o
                0x0000000000000120                main
 .text.libgcc.mul
                0x0000000000000194       0x24 /usr/lib/gcc/avr/4.7.2/avr25/libgcc.a(_mulhi3.o)
                0x0000000000000194                __mulhi3
 .text.libgcc.div
                0x00000000000001b8        0x0 /usr/lib/gcc/avr/4.7.2/avr25/libgcc.a(_mulhi3.o)
 .text.libgcc   0x00000000000001b8        0x0 /usr/lib/gcc/avr/4.7.2/avr25/libgcc.a(_mulhi3.o)
 .text.libgcc.prologue
                0x00000000000001b8        0x0 /usr/lib/gcc/avr/4.7.2/avr25/libgcc.a(_mulhi3.o)
 .text.libgcc.builtins
                0x00000000000001b8        0x0 /usr/lib/gcc/avr/4.7.2/avr25/libgcc.a(_mulhi3.o)
 .text.libgcc.fmul
                0x00000000000001b8        0x0 /usr/lib/gcc/avr/4.7.2/avr25/libgcc.a(_mulhi3.o)
 .text.libgcc.mul
                0x00000000000001b8        0x0 /usr/lib/gcc/avr/4.7.2/avr25/libgcc.a(_udivmodhi4.o)
 .text.libgcc.div
                0x00000000000001b8       0x28 /usr/lib/gcc/avr/4.7.2/avr25/libgcc.a(_udivmodhi4.o)
                0x00000000000001b8                __udivmodhi4
 .text.libgcc   0x00000000000001e0        0x0 /usr/lib/gcc/avr/4.7.2/avr25/libgcc.a(_udivmodhi4.o)
 .text.libgcc.prologue
                0x00000000000001e0        0x0 /usr/lib/gcc/avr/4.7.2/avr25/libgcc.a(_udivmodhi4.o)
 .text.libgcc.builtins
                0x00000000000001e0        0x0 /usr/lib/gcc/avr/4.7.2/avr25/libgcc.a(_udivmodhi4.o)
 .text.libgcc.fmul
                0x00000000000001e0        0x0 /usr/lib/gcc/avr/4.7.2/avr25/libgcc.a(_udivmodhi4.o)
 .text.libgcc.mul
                0x00000000000001e0        0x0 /usr/lib/gcc/avr/4.7.2/avr25/libgcc.a(_exit.o)
 .text.libgcc.div
                0x00000000000001e0        0x0 /usr/lib/gcc/avr/4.7.2/avr25/libgcc.a(_exit.o)
 .text.libgcc   0x00000000000001e0        0x0 /usr/lib/gcc/avr/4.7.2/avr25/libgcc.a(_exit.o)
 .text.libgcc.prologue
                0x00000000000001e0        0x0 /usr/lib/gcc/avr/4.7.2/avr25/libgcc.a(_exit.o)
 .text.libgcc.builtins
                0x00000000000001e0        0x0 /usr/lib/gcc/avr/4.7.2/avr25/libgcc.a(_exit.o)
 .text.libgcc.fmul
                0x00000000000001e0        0x0 /usr/lib/gcc/avr/4.7.2/avr25/libgcc.a(_exit.o)
 .text.libgcc.mul
                0x00000000000001e0        0x0 /usr/lib/gcc/avr/4.7.2/avr25/libgcc.a(_copy_data.o)
 .text.libgcc.div
                0x00000000000001e0        0x0 /usr/lib/gcc/avr/4.7.2/avr25/libgcc.a(_copy_data.o)
 .text.libgcc   0x00000000000001e0        0x0 /usr/lib/gcc/avr/4.7.2/avr25/libgcc.a(_copy_data.o)
 .text.libgcc.prologue
                0x00000000000001e0        0x0 /usr/lib/gcc/avr/4.7.2/avr25/libgcc.a(_copy_data.o)
 .text.libgcc.builtins
                0x00000000000001e0        0x0 /usr/lib/gcc/avr/4.7.2/avr25/libgcc.a(_copy_data.o)
 .text.libgcc.fmul
                0x00000000000001e0        0x0 /usr/lib/gcc/avr/4.7.2/avr25/libgcc.a(_copy_data.o)
 .text.libgcc.mul
                0x00000000000001e0        0x0 /usr/lib/gcc/avr/4.7.2/avr25/libgcc.a(_clear_bss.o)
 .text.libgcc.div
                0x00000000000001e0        0x0 /usr/lib/gcc/avr/4.7.2/avr25/libgcc.a(_clear_bss.o)
 .text.libgcc   0x00000000000001e0        0x0 /usr/lib/gcc/avr/4.7.2/avr25/libgcc.a(_clear_bss.o)
 .text.libgcc.prologue
                0x00000000000001e0        0x0 /usr/lib/gcc/avr/4.7.2/avr25/libgcc.a(_clear_bss.o)
 .text.libgcc.builtins
                0x00000000000001e0        0x0 /usr/lib/gcc/avr/4.7.2/avr25/libgcc.a(_clear_bss.o)
 .text.libgcc.fmul
                0x00000000000001e0        0x0 /usr/lib/gcc/avr/4.7.2/avr25/libgcc.a(_clear_bss.o)
                0x00000000000001e0                . = ALIGN (0x2)
 *(.fini9)
 .fini9         0x00000000000001e0        0x0 /usr/lib/gcc/avr/4.7.2/avr25/libgcc.a(_exit.o)
                0x00000000000001e0                exit
                0x00000000000001e0                _exit
 *(.fini9)
 *(.fini8)
 *(.fini8)
 *(.fini7)
 *(.fini7)
 *(.fini6)
 *(.fini6)
 *(.fini5)
 *(.fini5)
 *(.fini4)
 *(.fini4)
 *(.fini3)
 *(.fini3)
 *(.fini2)
 *(.fini2)
 *(.fini1)
 *(.fini1)
 *(.fini0)
 .fini0         0x00000000000001e0        0x4 /usr/lib/gcc/avr/4.7.2/avr25/libgcc.a(_exit.o)
 *(.fini0)
                0x00000000000001e4                _etext = .

.data           0x0000000000800060        0x6 load address 0x00000000000001e4
                0x0000000000800060                PROVIDE (__data_start, .)
 *(.data)
 .data          0x0000000000800060        0x0 /usr/lib/gcc/avr/4.7.2/../../../avr/lib/avr25/crttn85.o
 .data          0x0000000000800060        0x4 pwm.o
                0x0000000000800060                actualMax
                0x0000000000800062                actualMin
 .data          0x0000000000800064        0x1 /home/spb/avrsource/attiny85libs/my85libs/libmy85.a(my85libs.o)
 .data          0x0000000000800065        0x0 /usr/lib/gcc/avr/4.7.2/avr25/libgcc.a(_mulhi3.o)
 .data          0x0000000000800065        0x0 /usr/lib/gcc/avr/4.7.2/avr25/libgcc.a(_udivmodhi4.o)
 .data          0x0000000000800065        0x0 /usr/lib/gcc/avr/4.7.2/avr25/libgcc.a(_exit.o)
 .data          0x0000000000800065        0x0 /usr/lib/gcc/avr/4.7.2/avr25/libgcc.a(_copy_data.o)
 .data          0x0000000000800065        0x0 /usr/lib/gcc/avr/4.7.2/avr25/libgcc.a(_clear_bss.o)
 *(.data*)
 *(.rodata)
 *(.rodata*)
 *(.gnu.linkonce.d*)
                0x0000000000800066                . = ALIGN (0x2)
 *fill*         0x0000000000800065        0x1 00
                0x0000000000800066                _edata = .
                0x0000000000800066                PROVIDE (__data_end, .)

.bss            0x0000000000800066        0x9
                0x0000000000800066                PROVIDE (__bss_start, .)
 *(.bss)
 .bss           0x0000000000800066        0x0 /usr/lib/gcc/avr/4.7.2/../../../avr/lib/avr25/crttn85.o
 .bss           0x0000000000800066        0x0 pwm.o
 .bss           0x0000000000800066        0x3 /home/spb/avrsource/attiny85libs/my85libs/libmy85.a(my85libs.o)
 .bss           0x0000000000800069        0x0 /usr/lib/gcc/avr/4.7.2/avr25/libgcc.a(_mulhi3.o)
 .bss           0x0000000000800069        0x0 /usr/lib/gcc/avr/4.7.2/avr25/libgcc.a(_udivmodhi4.o)
 .bss           0x0000000000800069        0x0 /usr/lib/gcc/avr/4.7.2/avr25/libgcc.a(_exit.o)
 .bss           0x0000000000800069        0x0 /usr/lib/gcc/avr/4.7.2/avr25/libgcc.a(_copy_data.o)
 .bss           0x0000000000800069        0x0 /usr/lib/gcc/avr/4.7.2/avr25/libgcc.a(_clear_bss.o)
 *(.bss*)
 *(COMMON)
 COMMON         0x0000000000800069        0x6 pwm.o
                0x0000000000800069                scaledADC
                0x000000000080006b                actualDif
                0x000000000080006d                actualADC
                0x000000000080006f                PROVIDE (__bss_end, .)
                0x00000000000001e4                __data_load_start = LOADADDR (.data)
                0x00000000000001ea                __data_load_end = (__data_load_start + SIZEOF (.data))

.noinit         0x000000000080006f        0x0
                0x000000000080006f                PROVIDE (__noinit_start, .)
 *(.noinit*)
                0x000000000080006f                PROVIDE (__noinit_end, .)
                0x000000000080006f                _end = .
                0x000000000080006f                PROVIDE (__heap_start, .)

.eeprom         0x0000000000810000        0x0
 *(.eeprom*)
                0x0000000000810000                __eeprom_end = .

.fuse
 *(.fuse)
 *(.lfuse)
 *(.hfuse)
 *(.efuse)

.lock
 *(.lock*)

.signature
 *(.signature*)

.stab           0x0000000000000000      0xb1c
 *(.stab)
 .stab          0x0000000000000000      0x6cc /usr/lib/gcc/avr/4.7.2/../../../avr/lib/avr25/crttn85.o
 .stab          0x00000000000006cc      0x450 pwm.o
                                        0x45c (size before relaxing)

.stabstr        0x0000000000000000      0x932
 *(.stabstr)
 .stabstr       0x0000000000000000      0x932 /usr/lib/gcc/avr/4.7.2/../../../avr/lib/avr25/crttn85.o

.stab.excl
 *(.stab.excl)

.stab.exclstr
 *(.stab.exclstr)

.stab.index
 *(.stab.index)

.stab.indexstr
 *(.stab.indexstr)

.comment        0x0000000000000000       0x11
 *(.comment)
 .comment       0x0000000000000000       0x11 pwm.o
                                         0x12 (size before relaxing)
 .comment       0x0000000000000000       0x12 /home/spb/avrsource/attiny85libs/my85libs/libmy85.a(my85libs.o)

.debug
 *(.debug)

.line
 *(.line)

.debug_srcinfo
 *(.debug_srcinfo)

.debug_sfnames
 *(.debug_sfnames)

.debug_aranges
 *(.debug_aranges)

.debug_pubnames
 *(.debug_pubnames)

.debug_info
 *(.debug_info)
 *(.gnu.linkonce.wi.*)

.debug_abbrev
 *(.debug_abbrev)

.debug_line
 *(.debug_line)

.debug_frame
 *(.debug_frame)

.debug_str
 *(.debug_str)

.debug_loc
 *(.debug_loc)

.debug_macinfo
 *(.debug_macinfo)
OUTPUT(pwm.elf elf32-avr)
LOAD linker stubs
